src/components/ThePit.tsx(1,8): error TS1259: Module '"c:/Users/migue/Documents/Code/Legacy of Etrio/client/node_modules/@types/react/index"' can only be default-imported using the 'allowSyntheticDefaultImports' flag
src/store/gameStore.ts(10,18): error TS1343: The 'import.meta' meta-property is only allowed when the '--module' option is 'es2020', 'es2022', 'esnext', 'system', 'node16', 'node18', 'node20', or 'nodenext'.
src/store/gameStore.ts(10,30): error TS2339: Property 'env' does not exist on type 'ImportMeta'.
src/store/gameStore.ts(90,3): error TS2345: Argument of type 'StateCreator<GameState | Partial<GameState>, [], [["zustand/persist", GameState | Partial<GameState>]]>' is not assignable to parameter of type 'StateCreator<GameState, [], [["zustand/persist", GameState | Partial<GameState>]]>'.
  Type 'StateCreator<GameState | Partial<GameState>, [], [["zustand/persist", GameState | Partial<GameState>]]>' is not assignable to type '(setState: { (partial: GameState | Partial<GameState> | ((state: GameState) => GameState | Partial<GameState>), replace?: false): void; (state: GameState | ((state: GameState) => GameState), replace: true): void; }, getState: () => GameState, store: StoreApi<...>) => GameState'.
    Type 'GameState | Partial<GameState>' is not assignable to type 'GameState'.
      Type 'Partial<GameState>' is not assignable to type 'GameState'.
        Property 'gold' is optional in type 'Partial<GameState>' but required in type 'GameState'.
src/store/gameStore.ts(253,17): error TS2345: Argument of type '(s: GameState) => { events: (CombatEvent | { turn: number; attackerName: string; defenderName: string; damage: number; isCrit: false; isMiss: false; remainingHp: number; banter: string; emojiTag: string; })[]; }' is not assignable to parameter of type 'GameState | Partial<GameState> | ((state: GameState) => GameState | Partial<GameState>)'.
  Type '(s: GameState) => { events: (CombatEvent | { turn: number; attackerName: string; defenderName: string; damage: number; isCrit: false; isMiss: false; remainingHp: number; banter: string; emojiTag: string; })[]; }' is not assignable to type '(state: GameState) => GameState | Partial<GameState>'.
    Type '{ events: (CombatEvent | { turn: number; attackerName: string; defenderName: string; damage: number; isCrit: false; isMiss: false; remainingHp: number; banter: string; emojiTag: string; })[]; }' is not assignable to type 'GameState | Partial<GameState>'.
      Type '{ events: (CombatEvent | { turn: number; attackerName: string; defenderName: string; damage: number; isCrit: false; isMiss: false; remainingHp: number; banter: string; emojiTag: string; })[]; }' is not assignable to type 'Partial<GameState>'.
        Types of property 'events' are incompatible.
          Type '(CombatEvent | { turn: number; attackerName: string; defenderName: string; damage: number; isCrit: false; isMiss: false; remainingHp: number; banter: string; emojiTag: string; })[]' is not assignable to type 'CombatEvent[]'.
            Type 'CombatEvent | { turn: number; attackerName: string; defenderName: string; damage: number; isCrit: false; isMiss: false; remainingHp: number; banter: string; emojiTag: string; }' is not assignable to type 'CombatEvent'.
              Property 'id' is missing in type '{ turn: number; attackerName: string; defenderName: string; damage: number; isCrit: false; isMiss: false; remainingHp: number; banter: string; emojiTag: string; }' but required in type 'CombatEvent'.
src/store/gameStore.ts(432,15): error TS2345: Argument of type '(s: GameState) => { events: (CombatEvent | { turn: number; attackerName: string; defenderName: any; damage: number; isCrit: boolean; isMiss: boolean; remainingHp: number; banter: string; emojiTag: string; })[]; }' is not assignable to parameter of type 'GameState | Partial<GameState> | ((state: GameState) => GameState | Partial<GameState>)'.
  Type '(s: GameState) => { events: (CombatEvent | { turn: number; attackerName: string; defenderName: any; damage: number; isCrit: boolean; isMiss: boolean; remainingHp: number; banter: string; emojiTag: string; })[]; }' is not assignable to type '(state: GameState) => GameState | Partial<GameState>'.
    Type '{ events: (CombatEvent | { turn: number; attackerName: string; defenderName: any; damage: number; isCrit: boolean; isMiss: boolean; remainingHp: number; banter: string; emojiTag: string; })[]; }' is not assignable to type 'GameState | Partial<GameState>'.
      Type '{ events: (CombatEvent | { turn: number; attackerName: string; defenderName: any; damage: number; isCrit: boolean; isMiss: boolean; remainingHp: number; banter: string; emojiTag: string; })[]; }' is not assignable to type 'Partial<GameState>'.
        Types of property 'events' are incompatible.
          Type '(CombatEvent | { turn: number; attackerName: string; defenderName: any; damage: number; isCrit: boolean; isMiss: boolean; remainingHp: number; banter: string; emojiTag: string; })[]' is not assignable to type 'CombatEvent[]'.
            Type 'CombatEvent | { turn: number; attackerName: string; defenderName: any; damage: number; isCrit: boolean; isMiss: boolean; remainingHp: number; banter: string; emojiTag: string; }' is not assignable to type 'CombatEvent'.
              Property 'id' is missing in type '{ turn: number; attackerName: string; defenderName: any; damage: number; isCrit: boolean; isMiss: boolean; remainingHp: number; banter: string; emojiTag: string; }' but required in type 'CombatEvent'.
src/store/gameStore.ts(522,15): error TS2345: Argument of type '(s: GameState) => { events: (CombatEvent | { turn: number; attackerName: string; defenderName: string; damage: number; isCrit: boolean; isMiss: boolean; remainingHp: number; banter: string; emojiTag: string; })[]; }' is not assignable to parameter of type 'GameState | Partial<GameState> | ((state: GameState) => GameState | Partial<GameState>)'.
  Type '(s: GameState) => { events: (CombatEvent | { turn: number; attackerName: string; defenderName: string; damage: number; isCrit: boolean; isMiss: boolean; remainingHp: number; banter: string; emojiTag: string; })[]; }' is not assignable to type '(state: GameState) => GameState | Partial<GameState>'.
    Type '{ events: (CombatEvent | { turn: number; attackerName: string; defenderName: string; damage: number; isCrit: boolean; isMiss: boolean; remainingHp: number; banter: string; emojiTag: string; })[]; }' is not assignable to type 'GameState | Partial<GameState>'.
      Type '{ events: (CombatEvent | { turn: number; attackerName: string; defenderName: string; damage: number; isCrit: boolean; isMiss: boolean; remainingHp: number; banter: string; emojiTag: string; })[]; }' is not assignable to type 'Partial<GameState>'.
        Types of property 'events' are incompatible.
          Type '(CombatEvent | { turn: number; attackerName: string; defenderName: string; damage: number; isCrit: boolean; isMiss: boolean; remainingHp: number; banter: string; emojiTag: string; })[]' is not assignable to type 'CombatEvent[]'.
            Type 'CombatEvent | { turn: number; attackerName: string; defenderName: string; damage: number; isCrit: boolean; isMiss: boolean; remainingHp: number; banter: string; emojiTag: string; }' is not assignable to type 'CombatEvent'.
              Property 'id' is missing in type '{ turn: number; attackerName: string; defenderName: string; damage: number; isCrit: boolean; isMiss: boolean; remainingHp: number; banter: string; emojiTag: string; }' but required in type 'CombatEvent'.
src/store/gameStore.ts(527,35): error TS2345: Argument of type '(state: GameState) => GameState | { gold: number; resonatorMastery: number; events: (CombatEvent | { turn: number; attackerName: string; defenderName: string; ... 5 more ...; emojiTag: string; })[]; }' is not assignable to parameter of type 'GameState | Partial<GameState> | ((state: GameState) => GameState | Partial<GameState>)'.
  Type '(state: GameState) => GameState | { gold: number; resonatorMastery: number; events: (CombatEvent | { turn: number; attackerName: string; defenderName: string; ... 5 more ...; emojiTag: string; })[]; }' is not assignable to type '(state: GameState) => GameState | Partial<GameState>'.
    Type 'GameState | { gold: number; resonatorMastery: number; events: (CombatEvent | { turn: number; attackerName: string; defenderName: string; damage: number; isCrit: boolean; isMiss: boolean; remainingHp: number; banter: string; emojiTag: string; })[]; }' is not assignable to type 'GameState | Partial<GameState>'.
      Type '{ gold: number; resonatorMastery: number; events: (CombatEvent | { turn: number; attackerName: string; defenderName: string; damage: number; isCrit: boolean; isMiss: boolean; remainingHp: number; banter: string; emojiTag: string; })[]; }' is not assignable to type 'GameState | Partial<GameState>'.
        Type '{ gold: number; resonatorMastery: number; events: (CombatEvent | { turn: number; attackerName: string; defenderName: string; damage: number; isCrit: boolean; isMiss: boolean; remainingHp: number; banter: string; emojiTag: string; })[]; }' is not assignable to type 'Partial<GameState>'.
          Types of property 'events' are incompatible.
            Type '(CombatEvent | { turn: number; attackerName: string; defenderName: string; damage: number; isCrit: boolean; isMiss: boolean; remainingHp: number; banter: string; emojiTag: string; })[]' is not assignable to type 'CombatEvent[]'.
              Type 'CombatEvent | { turn: number; attackerName: string; defenderName: string; damage: number; isCrit: boolean; isMiss: boolean; remainingHp: number; banter: string; emojiTag: string; }' is not assignable to type 'CombatEvent'.
                Property 'id' is missing in type '{ turn: number; attackerName: string; defenderName: string; damage: number; isCrit: boolean; isMiss: boolean; remainingHp: number; banter: string; emojiTag: string; }' but required in type 'CombatEvent'.
src/store/gameStore.ts(549,32): error TS2345: Argument of type '(state: GameState) => GameState | { isGameWon: true; events: (CombatEvent | { turn: number; attackerName: string; defenderName: string; damage: number; ... 4 more ...; emojiTag: string; })[]; }' is not assignable to parameter of type 'GameState | Partial<GameState> | ((state: GameState) => GameState | Partial<GameState>)'.
  Type '(state: GameState) => GameState | { isGameWon: true; events: (CombatEvent | { turn: number; attackerName: string; defenderName: string; damage: number; ... 4 more ...; emojiTag: string; })[]; }' is not assignable to type '(state: GameState) => GameState | Partial<GameState>'.
    Type 'GameState | { isGameWon: true; events: (CombatEvent | { turn: number; attackerName: string; defenderName: string; damage: number; isCrit: boolean; isMiss: boolean; remainingHp: number; banter: string; emojiTag: string; })[]; }' is not assignable to type 'GameState | Partial<GameState>'.
      Type '{ isGameWon: true; events: (CombatEvent | { turn: number; attackerName: string; defenderName: string; damage: number; isCrit: boolean; isMiss: boolean; remainingHp: number; banter: string; emojiTag: string; })[]; }' is not assignable to type 'GameState | Partial<GameState>'.
        Type '{ isGameWon: true; events: (CombatEvent | { turn: number; attackerName: string; defenderName: string; damage: number; isCrit: boolean; isMiss: boolean; remainingHp: number; banter: string; emojiTag: string; })[]; }' is not assignable to type 'Partial<GameState>'.
          Types of property 'events' are incompatible.
            Type '(CombatEvent | { turn: number; attackerName: string; defenderName: string; damage: number; isCrit: boolean; isMiss: boolean; remainingHp: number; banter: string; emojiTag: string; })[]' is not assignable to type 'CombatEvent[]'.
              Type 'CombatEvent | { turn: number; attackerName: string; defenderName: string; damage: number; isCrit: boolean; isMiss: boolean; remainingHp: number; banter: string; emojiTag: string; }' is not assignable to type 'CombatEvent'.
                Property 'id' is missing in type '{ turn: number; attackerName: string; defenderName: string; damage: number; isCrit: boolean; isMiss: boolean; remainingHp: number; banter: string; emojiTag: string; }' but required in type 'CombatEvent'.
